🚀 SAYCOM Server active on http://localhost:8000
📡 BROADCAST START: "fgsfdwer"
📡 Found 2 subscribers in DB.
📧 Sending to: abdullahsaycom@gmail.com
❌ Failed for abdullahsaycom@gmail.com: Error: Invalid login: 535-5.7.8 Username and Password not accepted. For more information, go to
535 5.7.8  https://support.google.com/mail/?p=BadCredentials 5b1f17b1804b1-488fc10019bsm485193945e9.4 - gsmtp
    at SMTPConnection._formatError (/Users/abdullohkhikmatzhanow/Desktop/saycom company/node_modules/nodemailer/lib/smtp-connection/index.js:887:19)
    at SMTPConnection._actionAUTHComplete (/Users/abdullohkhikmatzhanow/Desktop/saycom company/node_modules/nodemailer/lib/smtp-connection/index.js:1695:34)
    at SMTPConnection.<anonymous> (/Users/abdullohkhikmatzhanow/Desktop/saycom company/node_modules/nodemailer/lib/smtp-connection/index.js:626:26)
    at SMTPConnection._processResponse (/Users/abdullohkhikmatzhanow/Desktop/saycom company/node_modules/nodemailer/lib/smtp-connection/index.js:1072:20)
    at SMTPConnection._onData (/Users/abdullohkhikmatzhanow/Desktop/saycom company/node_modules/nodemailer/lib/smtp-connection/index.js:847:14)
    at SMTPConnection._onSocketData (/Users/abdullohkhikmatzhanow/Desktop/saycom company/node_modules/nodemailer/lib/smtp-connection/index.js:217:44)
    at TLSSocket.emit (node:events:508:28)
    at addChunk (node:internal/streams/readable:559:12)
    at readableAddChunkPushByteMode (node:internal/streams/readable:510:3)
    at Readable.push (node:internal/streams/readable:390:5) {
  code: 'EAUTH',
  response: '535-5.7.8 Username and Password not accepted. For more information, go to\n' +
    '535 5.7.8  https://support.google.com/mail/?p=BadCredentials 5b1f17b1804b1-488fc10019bsm485193945e9.4 - gsmtp',
  responseCode: 535,
  command: 'AUTH PLAIN'
}
📧 Sending to: saycomabu@gmail.com
❌ Failed for saycomabu@gmail.com: Error: Invalid login: 535-5.7.8 Username and Password not accepted. For more information, go to
535 5.7.8  https://support.google.com/mail/?p=BadCredentials 5b1f17b1804b1-489207ebd3asm114072225e9.6 - gsmtp
    at SMTPConnection._formatError (/Users/abdullohkhikmatzhanow/Desktop/saycom company/node_modules/nodemailer/lib/smtp-connection/index.js:887:19)
    at SMTPConnection._actionAUTHComplete (/Users/abdullohkhikmatzhanow/Desktop/saycom company/node_modules/nodemailer/lib/smtp-connection/index.js:1695:34)
    at SMTPConnection.<anonymous> (/Users/abdullohkhikmatzhanow/Desktop/saycom company/node_modules/nodemailer/lib/smtp-connection/index.js:626:26)
    at SMTPConnection._processResponse (/Users/abdullohkhikmatzhanow/Desktop/saycom company/node_modules/nodemailer/lib/smtp-connection/index.js:1072:20)
    at SMTPConnection._onData (/Users/abdullohkhikmatzhanow/Desktop/saycom company/node_modules/nodemailer/lib/smtp-connection/index.js:847:14)
    at SMTPConnection._onSocketData (/Users/abdullohkhikmatzhanow/Desktop/saycom company/node_modules/nodemailer/lib/smtp-connection/index.js:217:44)
    at TLSSocket.emit (node:events:508:28)
    at addChunk (node:internal/streams/readable:559:12)
    at readableAddChunkPushByteMode (node:internal/streams/readable:510:3)
    at Readable.push (node:internal/streams/readable:390:5) {
  code: 'EAUTH',
  response: '535-5.7.8 Username and Password not accepted. For more information, go to\n' +
    '535 5.7.8  https://support.google.com/mail/?p=BadCredentials 5b1f17b1804b1-489207ebd3asm114072225e9.6 - gsmtp',
  responseCode: 535,
  command: 'AUTH PLAIN'
}
🏁 Broadcast finished. Success: 0
📡 BROADCAST START: "sf"
📡 Found 2 subscribers in DB.
📧 Sending to: abdullahsaycom@gmail.com
❌ Failed for abdullahsaycom@gmail.com: Error: Invalid login: 535-5.7.8 Username and Password not accepted. For more information, go to
535 5.7.8  https://support.google.com/mail/?p=BadCredentials 5b1f17b1804b1-488fc177dafsm579571355e9.4 - gsmtp
    at SMTPConnection._formatError (/Users/abdullohkhikmatzhanow/Desktop/saycom company/node_modules/nodemailer/lib/smtp-connection/index.js:887:19)
    at SMTPConnection._actionAUTHComplete (/Users/abdullohkhikmatzhanow/Desktop/saycom company/node_modules/nodemailer/lib/smtp-connection/index.js:1695:34)
    at SMTPConnection.<anonymous> (/Users/abdullohkhikmatzhanow/Desktop/saycom company/node_modules/nodemailer/lib/smtp-connection/index.js:626:26)
    at SMTPConnection._processResponse (/Users/abdullohkhikmatzhanow/Desktop/saycom company/node_modules/nodemailer/lib/smtp-connection/index.js:1072:20)
    at SMTPConnection._onData (/Users/abdullohkhikmatzhanow/Desktop/saycom company/node_modules/nodemailer/lib/smtp-connection/index.js:847:14)
    at SMTPConnection._onSocketData (/Users/abdullohkhikmatzhanow/Desktop/saycom company/node_modules/nodemailer/lib/smtp-connection/index.js:217:44)
    at TLSSocket.emit (node:events:508:28)
    at addChunk (node:internal/streams/readable:559:12)
    at readableAddChunkPushByteMode (node:internal/streams/readable:510:3)
    at Readable.push (node:internal/streams/readable:390:5) {
  code: 'EAUTH',
  response: '535-5.7.8 Username and Password not accepted. For more information, go to\n' +
    '535 5.7.8  https://support.google.com/mail/?p=BadCredentials 5b1f17b1804b1-488fc177dafsm579571355e9.4 - gsmtp',
  responseCode: 535,
  command: 'AUTH PLAIN'
}
📧 Sending to: saycomabu@gmail.com
❌ Failed for saycomabu@gmail.com: Error: Invalid login: 535-5.7.8 Username and Password not accepted. For more information, go to
535 5.7.8  https://support.google.com/mail/?p=BadCredentials 5b1f17b1804b1-488fc100162sm482253495e9.5 - gsmtp
    at SMTPConnection._formatError (/Users/abdullohkhikmatzhanow/Desktop/saycom company/node_modules/nodemailer/lib/smtp-connection/index.js:887:19)
    at SMTPConnection._actionAUTHComplete (/Users/abdullohkhikmatzhanow/Desktop/saycom company/node_modules/nodemailer/lib/smtp-connection/index.js:1695:34)
    at SMTPConnection.<anonymous> (/Users/abdullohkhikmatzhanow/Desktop/saycom company/node_modules/nodemailer/lib/smtp-connection/index.js:626:26)
    at SMTPConnection._processResponse (/Users/abdullohkhikmatzhanow/Desktop/saycom company/node_modules/nodemailer/lib/smtp-connection/index.js:1072:20)
    at SMTPConnection._onData (/Users/abdullohkhikmatzhanow/Desktop/saycom company/node_modules/nodemailer/lib/smtp-connection/index.js:847:14)
    at SMTPConnection._onSocketData (/Users/abdullohkhikmatzhanow/Desktop/saycom company/node_modules/nodemailer/lib/smtp-connection/index.js:217:44)
    at TLSSocket.emit (node:events:508:28)
    at addChunk (node:internal/streams/readable:559:12)
    at readableAddChunkPushByteMode (node:internal/streams/readable:510:3)
    at Readable.push (node:internal/streams/readable:390:5) {
  code: 'EAUTH',
  response: '535-5.7.8 Username and Password not accepted. For more information, go to\n' +
    '535 5.7.8  https://support.google.com/mail/?p=BadCredentials 5b1f17b1804b1-488fc100162sm482253495e9.5 - gsmtp',
  responseCode: 535,
  command: 'AUTH PLAIN'
}
🏁 Broadcast finished. Success: 0
📡 BROADCAST START: "wer"
📡 Found 2 subscribers in DB.
📧 Sending to: abdullahsaycom@gmail.com
❌ Failed for abdullahsaycom@gmail.com: Error: Invalid login: 535-5.7.8 Username and Password not accepted. For more information, go to
535 5.7.8  https://support.google.com/mail/?p=BadCredentials 5b1f17b1804b1-48a59816b71sm53840755e9.1 - gsmtp
    at SMTPConnection._formatError (/Users/abdullohkhikmatzhanow/Desktop/saycom company/node_modules/nodemailer/lib/smtp-connection/index.js:887:19)
    at SMTPConnection._actionAUTHComplete (/Users/abdullohkhikmatzhanow/Desktop/saycom company/node_modules/nodemailer/lib/smtp-connection/index.js:1695:34)
    at SMTPConnection.<anonymous> (/Users/abdullohkhikmatzhanow/Desktop/saycom company/node_modules/nodemailer/lib/smtp-connection/index.js:626:26)
    at SMTPConnection._processResponse (/Users/abdullohkhikmatzhanow/Desktop/saycom company/node_modules/nodemailer/lib/smtp-connection/index.js:1072:20)
    at SMTPConnection._onData (/Users/abdullohkhikmatzhanow/Desktop/saycom company/node_modules/nodemailer/lib/smtp-connection/index.js:847:14)
    at SMTPConnection._onSocketData (/Users/abdullohkhikmatzhanow/Desktop/saycom company/node_modules/nodemailer/lib/smtp-connection/index.js:217:44)
    at TLSSocket.emit (node:events:508:28)
    at addChunk (node:internal/streams/readable:559:12)
    at readableAddChunkPushByteMode (node:internal/streams/readable:510:3)
    at Readable.push (node:internal/streams/readable:390:5) {
  code: 'EAUTH',
  response: '535-5.7.8 Username and Password not accepted. For more information, go to\n' +
    '535 5.7.8  https://support.google.com/mail/?p=BadCredentials 5b1f17b1804b1-48a59816b71sm53840755e9.1 - gsmtp',
  responseCode: 535,
  command: 'AUTH PLAIN'
}
📧 Sending to: saycomabu@gmail.com
❌ Failed for saycomabu@gmail.com: Error: Invalid login: 535-5.7.8 Username and Password not accepted. For more information, go to
535 5.7.8  https://support.google.com/mail/?p=BadCredentials 5b1f17b1804b1-4891f98728dsm74109545e9.23 - gsmtp
    at SMTPConnection._formatError (/Users/abdullohkhikmatzhanow/Desktop/saycom company/node_modules/nodemailer/lib/smtp-connection/index.js:887:19)
    at SMTPConnection._actionAUTHComplete (/Users/abdullohkhikmatzhanow/Desktop/saycom company/node_modules/nodemailer/lib/smtp-connection/index.js:1695:34)
    at SMTPConnection.<anonymous> (/Users/abdullohkhikmatzhanow/Desktop/saycom company/node_modules/nodemailer/lib/smtp-connection/index.js:626:26)
    at SMTPConnection._processResponse (/Users/abdullohkhikmatzhanow/Desktop/saycom company/node_modules/nodemailer/lib/smtp-connection/index.js:1072:20)
    at SMTPConnection._onData (/Users/abdullohkhikmatzhanow/Desktop/saycom company/node_modules/nodemailer/lib/smtp-connection/index.js:847:14)
    at SMTPConnection._onSocketData (/Users/abdullohkhikmatzhanow/Desktop/saycom company/node_modules/nodemailer/lib/smtp-connection/index.js:217:44)
    at TLSSocket.emit (node:events:508:28)
    at addChunk (node:internal/streams/readable:559:12)
    at readableAddChunkPushByteMode (node:internal/streams/readable:510:3)
    at Readable.push (node:internal/streams/readable:390:5) {
  code: 'EAUTH',
  response: '535-5.7.8 Username and Password not accepted. For more information, go to\n' +
    '535 5.7.8  https://support.google.com/mail/?p=BadCredentials 5b1f17b1804b1-4891f98728dsm74109545e9.23 - gsmtp',
  responseCode: 535,
  command: 'AUTH PLAIN'
}
🏁 Broadcast finished. Success: 0
📡 BROADCAST START: "fsdfsd"
📡 Found 2 subscribers in DB.
📧 Sending to: abdullahsaycom@gmail.com
❌ Failed for abdullahsaycom@gmail.com: Error: Invalid login: 535-5.7.8 Username and Password not accepted. For more information, go to
535 5.7.8  https://support.google.com/mail/?p=BadCredentials 5b1f17b1804b1-4891978ef6bsm128960005e9.4 - gsmtp
    at SMTPConnection._formatError (/Users/abdullohkhikmatzhanow/Desktop/saycom company/node_modules/nodemailer/lib/smtp-connection/index.js:887:19)
    at SMTPConnection._actionAUTHComplete (/Users/abdullohkhikmatzhanow/Desktop/saycom company/node_modules/nodemailer/lib/smtp-connection/index.js:1695:34)
    at SMTPConnection.<anonymous> (/Users/abdullohkhikmatzhanow/Desktop/saycom company/node_modules/nodemailer/lib/smtp-connection/index.js:626:26)
    at SMTPConnection._processResponse (/Users/abdullohkhikmatzhanow/Desktop/saycom company/node_modules/nodemailer/lib/smtp-connection/index.js:1072:20)
    at SMTPConnection._onData (/Users/abdullohkhikmatzhanow/Desktop/saycom company/node_modules/nodemailer/lib/smtp-connection/index.js:847:14)
    at SMTPConnection._onSocketData (/Users/abdullohkhikmatzhanow/Desktop/saycom company/node_modules/nodemailer/lib/smtp-connection/index.js:217:44)
    at TLSSocket.emit (node:events:508:28)
    at addChunk (node:internal/streams/readable:559:12)
    at readableAddChunkPushByteMode (node:internal/streams/readable:510:3)
    at Readable.push (node:internal/streams/readable:390:5) {
  code: 'EAUTH',
  response: '535-5.7.8 Username and Password not accepted. For more information, go to\n' +
    '535 5.7.8  https://support.google.com/mail/?p=BadCredentials 5b1f17b1804b1-4891978ef6bsm128960005e9.4 - gsmtp',
  responseCode: 535,
  command: 'AUTH PLAIN'
}
📧 Sending to: saycomabu@gmail.com
❌ Failed for saycomabu@gmail.com: Error: Invalid login: 535-5.7.8 Username and Password not accepted. For more information, go to
535 5.7.8  https://support.google.com/mail/?p=BadCredentials 5b1f17b1804b1-4896c2a1804sm114686105e9.4 - gsmtp
    at SMTPConnection._formatError (/Users/abdullohkhikmatzhanow/Desktop/saycom company/node_modules/nodemailer/lib/smtp-connection/index.js:887:19)
    at SMTPConnection._actionAUTHComplete (/Users/abdullohkhikmatzhanow/Desktop/saycom company/node_modules/nodemailer/lib/smtp-connection/index.js:1695:34)
    at SMTPConnection.<anonymous> (/Users/abdullohkhikmatzhanow/Desktop/saycom company/node_modules/nodemailer/lib/smtp-connection/index.js:626:26)
    at SMTPConnection._processResponse (/Users/abdullohkhikmatzhanow/Desktop/saycom company/node_modules/nodemailer/lib/smtp-connection/index.js:1072:20)
    at SMTPConnection._onData (/Users/abdullohkhikmatzhanow/Desktop/saycom company/node_modules/nodemailer/lib/smtp-connection/index.js:847:14)
    at SMTPConnection._onSocketData (/Users/abdullohkhikmatzhanow/Desktop/saycom company/node_modules/nodemailer/lib/smtp-connection/index.js:217:44)
    at TLSSocket.emit (node:events:508:28)
    at addChunk (node:internal/streams/readable:559:12)
    at readableAddChunkPushByteMode (node:internal/streams/readable:510:3)
    at Readable.push (node:internal/streams/readable:390:5) {
  code: 'EAUTH',
  response: '535-5.7.8 Username and Password not accepted. For more information, go to\n' +
    '535 5.7.8  https://support.google.com/mail/?p=BadCredentials 5b1f17b1804b1-4896c2a1804sm114686105e9.4 - gsmtp',
  responseCode: 535,
  command: 'AUTH PLAIN'
}
🏁 Broadcast finished. Success: 0
📡 BROADCAST START: "sdfsdf"
📡 Found 2 subscribers in DB.
📧 Sending to: abdullahsaycom@gmail.com
❌ Failed for abdullahsaycom@gmail.com: Error: Invalid login: 535-5.7.8 Username and Password not accepted. For more information, go to
535 5.7.8  https://support.google.com/mail/?p=BadCredentials 5b1f17b1804b1-4891c08faffsm481163125e9.1 - gsmtp
    at SMTPConnection._formatError (/Users/abdullohkhikmatzhanow/Desktop/saycom company/node_modules/nodemailer/lib/smtp-connection/index.js:887:19)
    at SMTPConnection._actionAUTHComplete (/Users/abdullohkhikmatzhanow/Desktop/saycom company/node_modules/nodemailer/lib/smtp-connection/index.js:1695:34)
    at SMTPConnection.<anonymous> (/Users/abdullohkhikmatzhanow/Desktop/saycom company/node_modules/nodemailer/lib/smtp-connection/index.js:626:26)
    at SMTPConnection._processResponse (/Users/abdullohkhikmatzhanow/Desktop/saycom company/node_modules/nodemailer/lib/smtp-connection/index.js:1072:20)
    at SMTPConnection._onData (/Users/abdullohkhikmatzhanow/Desktop/saycom company/node_modules/nodemailer/lib/smtp-connection/index.js:847:14)
    at SMTPConnection._onSocketData (/Users/abdullohkhikmatzhanow/Desktop/saycom company/node_modules/nodemailer/lib/smtp-connection/index.js:217:44)
    at TLSSocket.emit (node:events:508:28)
    at addChunk (node:internal/streams/readable:559:12)
    at readableAddChunkPushByteMode (node:internal/streams/readable:510:3)
    at Readable.push (node:internal/streams/readable:390:5) {
  code: 'EAUTH',
  response: '535-5.7.8 Username and Password not accepted. For more information, go to\n' +
    '535 5.7.8  https://support.google.com/mail/?p=BadCredentials 5b1f17b1804b1-4891c08faffsm481163125e9.1 - gsmtp',
  responseCode: 535,
  command: 'AUTH PLAIN'
}
📧 Sending to: saycomabu@gmail.com
❌ Failed for saycomabu@gmail.com: Error: Invalid login: 535-5.7.8 Username and Password not accepted. For more information, go to
535 5.7.8  https://support.google.com/mail/?p=BadCredentials 5b1f17b1804b1-488fc0b4c85sm452645295e9.0 - gsmtp
    at SMTPConnection._formatError (/Users/abdullohkhikmatzhanow/Desktop/saycom company/node_modules/nodemailer/lib/smtp-connection/index.js:887:19)
    at SMTPConnection._actionAUTHComplete (/Users/abdullohkhikmatzhanow/Desktop/saycom company/node_modules/nodemailer/lib/smtp-connection/index.js:1695:34)
    at SMTPConnection.<anonymous> (/Users/abdullohkhikmatzhanow/Desktop/saycom company/node_modules/nodemailer/lib/smtp-connection/index.js:626:26)
    at SMTPConnection._processResponse (/Users/abdullohkhikmatzhanow/Desktop/saycom company/node_modules/nodemailer/lib/smtp-connection/index.js:1072:20)
    at SMTPConnection._onData (/Users/abdullohkhikmatzhanow/Desktop/saycom company/node_modules/nodemailer/lib/smtp-connection/index.js:847:14)
    at SMTPConnection._onSocketData (/Users/abdullohkhikmatzhanow/Desktop/saycom company/node_modules/nodemailer/lib/smtp-connection/index.js:217:44)
    at TLSSocket.emit (node:events:508:28)
    at addChunk (node:internal/streams/readable:559:12)
    at readableAddChunkPushByteMode (node:internal/streams/readable:510:3)
    at Readable.push (node:internal/streams/readable:390:5) {
  code: 'EAUTH',
  response: '535-5.7.8 Username and Password not accepted. For more information, go to\n' +
    '535 5.7.8  https://support.google.com/mail/?p=BadCredentials 5b1f17b1804b1-488fc0b4c85sm452645295e9.0 - gsmtp',
  responseCode: 535,
  command: 'AUTH PLAIN'
}
🏁 Broadcast finished. Success: 0
📩 New VIP Request for: abdullahsaycom@gmail.com
📩 New VIP Request for: abdullahsaycom@gmail.com
❌ Database Error: SQLITE_CONSTRAINT: UNIQUE constraint failed: subscribers.email
❌ Database Error: SQLITE_CONSTRAINT: UNIQUE constraint failed: subscribers.email
📡 BROADCAST START: "sdfsdf"
📡 Found 2 subscribers in DB.
📧 Sending to: abdullahsaycom@gmail.com
❌ Failed for abdullahsaycom@gmail.com: Error: Invalid login: 535-5.7.8 Username and Password not accepted. For more information, go to
535 5.7.8  https://support.google.com/mail/?p=BadCredentials ffacd0b85a97d-43fe4e59f97sm53751674f8f.37 - gsmtp
    at SMTPConnection._formatError (/Users/abdullohkhikmatzhanow/Desktop/saycom company/node_modules/nodemailer/lib/smtp-connection/index.js:887:19)
    at SMTPConnection._actionAUTHComplete (/Users/abdullohkhikmatzhanow/Desktop/saycom company/node_modules/nodemailer/lib/smtp-connection/index.js:1695:34)
    at SMTPConnection.<anonymous> (/Users/abdullohkhikmatzhanow/Desktop/saycom company/node_modules/nodemailer/lib/smtp-connection/index.js:626:26)
    at SMTPConnection._processResponse (/Users/abdullohkhikmatzhanow/Desktop/saycom company/node_modules/nodemailer/lib/smtp-connection/index.js:1072:20)
    at SMTPConnection._onData (/Users/abdullohkhikmatzhanow/Desktop/saycom company/node_modules/nodemailer/lib/smtp-connection/index.js:847:14)
    at SMTPConnection._onSocketData (/Users/abdullohkhikmatzhanow/Desktop/saycom company/node_modules/nodemailer/lib/smtp-connection/index.js:217:44)
    at TLSSocket.emit (node:events:508:28)
    at addChunk (node:internal/streams/readable:559:12)
    at readableAddChunkPushByteMode (node:internal/streams/readable:510:3)
    at Readable.push (node:internal/streams/readable:390:5) {
  code: 'EAUTH',
  response: '535-5.7.8 Username and Password not accepted. For more information, go to\n' +
    '535 5.7.8  https://support.google.com/mail/?p=BadCredentials ffacd0b85a97d-43fe4e59f97sm53751674f8f.37 - gsmtp',
  responseCode: 535,
  command: 'AUTH PLAIN'
}
📧 Sending to: saycomabu@gmail.com
❌ Failed for saycomabu@gmail.com: Error: Invalid login: 535-5.7.8 Username and Password not accepted. For more information, go to
535 5.7.8  https://support.google.com/mail/?p=BadCredentials 5b1f17b1804b1-488fc1c773fsm532256865e9.12 - gsmtp
    at SMTPConnection._formatError (/Users/abdullohkhikmatzhanow/Desktop/saycom company/node_modules/nodemailer/lib/smtp-connection/index.js:887:19)
    at SMTPConnection._actionAUTHComplete (/Users/abdullohkhikmatzhanow/Desktop/saycom company/node_modules/nodemailer/lib/smtp-connection/index.js:1695:34)
    at SMTPConnection.<anonymous> (/Users/abdullohkhikmatzhanow/Desktop/saycom company/node_modules/nodemailer/lib/smtp-connection/index.js:626:26)
    at SMTPConnection._processResponse (/Users/abdullohkhikmatzhanow/Desktop/saycom company/node_modules/nodemailer/lib/smtp-connection/index.js:1072:20)
    at SMTPConnection._onData (/Users/abdullohkhikmatzhanow/Desktop/saycom company/node_modules/nodemailer/lib/smtp-connection/index.js:847:14)
    at SMTPConnection._onSocketData (/Users/abdullohkhikmatzhanow/Desktop/saycom company/node_modules/nodemailer/lib/smtp-connection/index.js:217:44)
    at TLSSocket.emit (node:events:508:28)
    at addChunk (node:internal/streams/readable:559:12)
    at readableAddChunkPushByteMode (node:internal/streams/readable:510:3)
    at Readable.push (node:internal/streams/readable:390:5) {
  code: 'EAUTH',
  response: '535-5.7.8 Username and Password not accepted. For more information, go to\n' +
    '535 5.7.8  https://support.google.com/mail/?p=BadCredentials 5b1f17b1804b1-488fc1c773fsm532256865e9.12 - gsmtp',
  responseCode: 535,
  command: 'AUTH PLAIN'
}
🏁 Broadcast finished. Success: 0
